// Jest Snapshot v1, https://goo.gl/fbAQLP

exports[`validate 1`] = `
Object {
  "name": "raw",
  "variables": Object {
    "data": "{\\"data\\":true}",
  },
}
`;
