// Jest Snapshot v1, https://goo.gl/fbAQLP

exports[`validate 1`] = `
Object {
  "name": "screen_view_common_claim_detail",
  "variables": Object {
    "id": "the_id",
  },
}
`;
