// Jest Snapshot v1, https://goo.gl/fbAQLP

exports[`validate 1`] = `
Object {
  "name": "screen_view_embark",
  "variables": Object {
    "story_name": "moving-flow-DK",
  },
}
`;
