// Jest Snapshot v1, https://goo.gl/fbAQLP

exports[`validate 1`] = `
Object {
  "name": "chat_rich_message_sent",
  "variables": Object {},
}
`;
