// Jest Snapshot v1, https://goo.gl/fbAQLP

exports[`validate 1`] = `
Object {
  "name": "market_selected",
  "variables": Object {
    "locale": "en-DK",
  },
}
`;
