// Jest Snapshot v1, https://goo.gl/fbAQLP

exports[`validate event 1`] = `
Object {
  "name": "screen_view_contact_info",
  "variables": Object {},
}
`;
