// Jest Snapshot v1, https://goo.gl/fbAQLP

exports[`validate forever 1`] = `
Object {
  "name": "screen_view_forever",
  "variables": Object {},
}
`;
