// Jest Snapshot v1, https://goo.gl/fbAQLP

exports[`validate 1`] = `
Object {
  "name": "screen_view_claim_honor_pledge",
  "variables": Object {},
}
`;
