// Jest Snapshot v1, https://goo.gl/fbAQLP

exports[`validate 1`] = `
Object {
  "name": "data_collection_skipped",
  "variables": Object {
    "provider_id": "if-no",
  },
}
`;
