// Jest Snapshot v1, https://goo.gl/fbAQLP

exports[`validate 1`] = `
Object {
  "name": "screen_view_data_collection_authenticating",
  "variables": Object {
    "provider_id": "if-no",
  },
}
`;
