// Jest Snapshot v1, https://goo.gl/fbAQLP

exports[`validate 1`] = `
Object {
  "name": "app_resumed",
  "variables": Object {},
}
`;
