// Jest Snapshot v1, https://goo.gl/fbAQLP

exports[`validate claimDetailClickOpenChat 1`] = `
Object {
  "name": "claim_status_detail_click_open_chat",
  "variables": Object {
    "claim_id": "id_of_claim",
    "claim_status": "status_of_claim",
  },
}
`;
