// Jest Snapshot v1, https://goo.gl/fbAQLP

exports[`validate 1`] = `
Object {
  "name": "honor_pledge_confirmed",
  "variables": Object {},
}
`;
